


                          CTGPROC OUTPUT SUMMARY
                   VERSION:  7.0.0        LEVEL:  150211      



 Internal Coordinate Transformations by  ---  COORDLIB   Version: 1.99   Level: 070921    
 
 
 
 
 --------------------------
     SETUP Information
 --------------------------
 
 
 Control File Used -----
 ctgproc.inp                                                                                                                         
 
 Processing Options -----
 Continues Previous Run? :   F
 Final Run in Series?    :   T
 
 Snow grid processing?   =   F
 
 Coastline processing?   =   F
 
 Mesh Density for CTG files      =   1
 Mesh Density for GLAZ/GLC files =   1
 
 QA Threshold (%)        =   75
 
 Input Land Use File(s) -----
 
 luindat: genericlulc11_t.dat                                                                                                                 
 
 Default Datum-Region for each File Type --------
 CTG     : NAS-C   
 USGSLA  : ESR-S   
 NZGEN   : WGS-84  
 NLCD92  : NAR-C   
 NLCD01  : NAR-C   
 GLC2000 : WGS-84  
 UMDGLC  : WGS-84  
 BUMODIS : ESR-R   
 GSHHS   : WGS-84  
 
 Output File Names -------------
runlst  : ctgproc.lst                                                                                                                         
ludat   : lulc.dat                                                                                                                            
 (LUDAT written in fractional land use format)
 
 Grid data (for output) ---------------------
 datum  : WGS-84  
 pmap   : LCC     
 xorigin:  -40.0000000
 yorigin:  -40.0000000
 izone  :  20
 dgrid  :  1.00000000
 nx     :  80
 ny     :  80
 rlat(N):  25.4417992
 rlon(E):  119.442902
 xlat1  :  30.0000000
 xlat2  :  60.0000000
 feast  :  0.00000000E+00
 fnorth :  0.00000000E+00
 
 
 
 --------------------------
     PROCESS Information
 --------------------------
 
 Land use data file: genericlulc11_t.dat                                                                                                                 
 
 
 Number of records read:  103395
 Number of data points read:  103395
 Number of data points used to update grid:  87971
 Number of data points with missing LU:  0
 

 Number of CTG land use cell hits                                      

 Multiply all values by 10 **   0

  80 I 16  16  16  16  16  16  16  12  16  16  16  16  16  16  16  16  16  16  12  16  16  16  16  16  16  16  16  16  16  12
     I  +   +   +   +   +   +   +   +   +   +   +   +   +   +   +   +   +   +   +   +   +   +   +   +   +   +   +   +   +   +
  79 I 12  12  12  12  12  12  12   9  12  12  12  12  12  12  12  12  12  12   9  12  12  12  12  12  12  12  12  12  12   9
     I  +   +   +   +   +   +   +   +   +   +   +   +   +   +   +   +   +   +   +   +   +   +   +   +   +   +   +   +   +   +
  78 I 16  16  16  16  16  16  16  12  16  16  16  16  16  16  16  16  16  16  12  16  16  16  16  16  16  16  16  16  16  12
     I  +   +   +   +   +   +   +   +   +   +   +   +   +   +   +   +   +   +   +   +   +   +   +   +   +   +   +   +   +   +
  77 I 14  12  12  12  12  12  12  11  10  12  12  12  12  12  12  12  12  12   9  12  12  12  12  12  12  12  12  12  12   9
     I  +   +   +   +   +   +   +   +   +   +   +   +   +   +   +   +   +   +   +   +   +   +   +   +   +   +   +   +   +   +
  76 I 14  16  16  16  16  16  16  16  12  16  16  16  16  16  16  16  16  16  12  16  16  16  16  16  16  16  16  16  16  12
     I  +   +   +   +   +   +   +   +   +   +   +   +   +   +   +   +   +   +   +   +   +   +   +   +   +   +   +   +   +   +
  75 I 16  16  16  16  16  12  12  12   9  12  12  12  12  12  12  12  12  12   9  12  12  12  12  12  12  12  12  12  12   9
     I  +   +   +   +   +   +   +   +   +   +   +   +   +   +   +   +   +   +   +   +   +   +   +   +   +   +   +   +   +   +
  74 I 12  12  12  12  12  16  16  16  12  16  16  16  16  16  16  16  16  16  13  15  16  16  16  16  16  16  16  16  16  12
     I  +   +   +   +   +   +   +   +   +   +   +   +   +   +   +   +   +   +   +   +   +   +   +   +   +   +   +   +   +   +
  73 I 16  16  16  16  16  16  16  16  12  16  13  12  12  12  12  12  12  12  12   9  12  12  12  12  12  12  12  12  12   9
     I  +   +   +   +   +   +   +   +   +   +   +   +   +   +   +   +   +   +   +   +   +   +   +   +   +   +   +   +   +   +
  72 I 12  12  12  12  12  12  12  12   9  12  15  16  16  16  16  16  16  16  16  12  16  16  16  16  16  16  16  16  16  12
     I  +   +   +   +   +   +   +   +   +   +   +   +   +   +   +   +   +   +   +   +   +   +   +   +   +   +   +   +   +   +
  71 I 16  16  16  16  16  16  16  16  14  14  16  16  16  16  16  16  14  12  12   9  12  12  12  12  12  12  12  12  12   9
     I  +   +   +   +   +   +   +   +   +   +   +   +   +   +   +   +   +   +   +   +   +   +   +   +   +   +   +   +   +   +
  70 I 12  12  12  12  12  12  12  12  12   9  12  12  12  12  12  12  14  16  16  12  16  16  16  16  16  16  16  16  16  12
     I  +   +   +   +   +   +   +   +   +   +   +   +   +   +   +   +   +   +   +   +   +   +   +   +   +   +   +   +   +   +
  69 I 16  16  16  16  16  16  16  16  16  12  16  16  16  16  16  16  16  16  16  12  16  16  16  16  16  12  12  12  12   9
     I  +   +   +   +   +   +   +   +   +   +   +   +   +   +   +   +   +   +   +   +   +   +   +   +   +   +   +   +   +   +
  68 I 12  12  12  12  12  12  12  12  12   9  12  12  12  12  12  12  12  12  12   9  12  12  12  12  12  16  16  16  16  12
     I  +   +   +   +   +   +   +   +   +   +   +   +   +   +   +   +   +   +   +   +   +   +   +   +   +   +   +   +   +   +
  67 I 16  16  16  16  16  16  16  16  16  12  16  16  16  16  16  16  16  16  16  12  16  16  16  16  16  16  16  16  16  12
     I  +   +   +   +   +   +   +   +   +   +   +   +   +   +   +   +   +   +   +   +   +   +   +   +   +   +   +   +   +   +
  66 I 12  12  12  12  12  12  12  12  12   9  12  12  12  12  12  12  12  12  12   9  12  12  12  12  12  12  12  12  12   9
     I  +   +   +   +   +   +   +   +   +   +   +   +   +   +   +   +   +   +   +   +   +   +   +   +   +   +   +   +   +   +
  65 I 16  16  16  16  16  16  16  16  16  12  16  16  16  16  16  16  16  16  16  12  16  16  16  16  16  16  16  16  16  12
     I  +   +   +   +   +   +   +   +   +   +   +   +   +   +   +   +   +   +   +   +   +   +   +   +   +   +   +   +   +   +
  64 I 10  12  12  12  12  12  12  12  12  10  11  12  12  12  12  12  12  12  12  10  11  12  12  12  12  12  12  12  12   9
     I  +   +   +   +   +   +   +   +   +   +   +   +   +   +   +   +   +   +   +   +   +   +   +   +   +   +   +   +   +   +
  63 I 12  16  16  16  16  16  16  16  16  16  12  16  16  16  16  16  16  16  16  16  12  16  16  16  16  16  16  16  16  14
     I  +   +   +   +   +   +   +   +   +   +   +   +   +   +   +   +   +   +   +   +   +   +   +   +   +   +   +   +   +   +
  62 I 12  16  14  12  12  12  12  12  12  12   9  12  12  12  12  12  12  12  12  12   9  12  12  12  12  12  12  12  12  12
     I  +   +   +   +   +   +   +   +   +   +   +   +   +   +   +   +   +   +   +   +   +   +   +   +   +   +   +   +   +   +
  61 I  9  12  14  16  16  16  16  16  16  16  12  16  16  16  16  16  16  16  16  16  12  16  16  16  16  16  16  16  16  16
     I  +   +   +   +   +   +   +   +   +   +   +   +   +   +   +   +   +   +   +   +   +   +   +   +   +   +   +   +   +   +
  60 I 12  16  16  16  16  16  15  12  12  12   9  12  12  12  12  12  12  12  12  12   9  12  12  12  12  12  12  12  12  12
     I  +   +   +   +   +   +   +   +   +   +   +   +   +   +   +   +   +   +   +   +   +   +   +   +   +   +   +   +   +   +
  59 I 10  11  12  12  12  12  13  16  16  16  12  16  16  16  16  16  16  16  16  16  12  16  16  16  16  16  16  16  16  16
     I  +   +   +   +   +   +   +   +   +   +   +   +   +   +   +   +   +   +   +   +   +   +   +   +   +   +   +   +   +   +
  58 I 16  12  16  16  16  16  16  16  16  16  12  16  13  12  12  12  12  12  12  12   9  12  12  12  12  12  12  12  12  12
     I  +   +   +   +   +   +   +   +   +   +   +   +   +   +   +   +   +   +   +   +   +   +   +   +   +   +   +   +   +   +
  57 I 12   9  12  12  12  12  12  12  12  12   9  12  15  16  16  16  16  16  16  16  12  16  16  16  16  16  16  16  16  16
     I  +   +   +   +   +   +   +   +   +   +   +   +   +   +   +   +   +   +   +   +   +   +   +   +   +   +   +   +   +   +
  56 I 16  12  16  16  16  16  16  16  16  16  16  12  16  16  16  16  16  16  13  12   9  12  12  12  12  12  12  12  12  12
     I  +   +   +   +   +   +   +   +   +   +   +   +   +   +   +   +   +   +   +   +   +   +   +   +   +   +   +   +   +   +
  55 I 12   9  12  12  12  12  12  12  12  12  12   9  12  12  12  12  12  12  15  16  12  16  16  16  16  16  16  16  16  16
     I  +   +   +   +   +   +   +   +   +   +   +   +   +   +   +   +   +   +   +   +   +   +   +   +   +   +   +   +   +   +
  54 I 16  12  16  16  16  16  16  16  16  16  16  12  16  16  16  16  16  16  16  16  12  16  16  16  16  16  16  13  12  12
     I  +   +   +   +   +   +   +   +   +   +   +   +   +   +   +   +   +   +   +   +   +   +   +   +   +   +   +   +   +   +
  53 I 12  11  10  12  12  12  12  12  12  12  12   9  12  12  12  12  12  12  12  12   9  12  12  12  12  12  12  15  16  16
     I  +   +   +   +   +   +   +   +   +   +   +   +   +   +   +   +   +   +   +   +   +   +   +   +   +   +   +   +   +   +
  52 I 16  16  12  16  16  16  16  16  16  16  16  12  16  16  16  16  16  16  16  16  16  12  16  16  16  16  16  16  16  16
     I  +   +   +   +   +   +   +   +   +   +   +   +   +   +   +   +   +   +   +   +   +   +   +   +   +   +   +   +   +   +
  51 I 12  12   9  12  12  12  12  12  12  12  12   9  12  12  12  12  12  12  12  12  12   9  12  12  12  12  12  12  12  12
     I  +   +   +   +   +   +   +   +   +   +   +   +   +   +   +   +   +   +   +   +   +   +   +   +   +   +   +   +   +   +
  50 I 16  16  12  16  16  16  16  16  16  16  16  12  16  16  16  16  16  16  16  16  16  12  16  16  16  16  16  16  16  16
     I  +   +   +   +   +   +   +   +   +   +   +   +   +   +   +   +   +   +   +   +   +   +   +   +   +   +   +   +   +   +
  49 I 12  12   9  12  12  12  12  12  12  12  12  10  11  12  12  12  12  12  12  12  12   9  12  12  12  12  12  12  12  12
     I  +   +   +   +   +   +   +   +   +   +   +   +   +   +   +   +   +   +   +   +   +   +   +   +   +   +   +   +   +   +
  48 I 16  16  12  16  16  16  16  16  16  16  16  16  12  16  16  16  16  16  16  16  16  12  16  16  16  16  16  16  16  16
     I  +   +   +   +   +   +   +   +   +   +   +   +   +   +   +   +   +   +   +   +   +   +   +   +   +   +   +   +   +   +
  47 I 16  16  11  10  12  12  12  12  12  12  12  12   9  12  12  12  12  12  12  12  12   9  12  12  12  12  12  12  12  12
     I  +   +   +   +   +   +   +   +   +   +   +   +   +   +   +   +   +   +   +   +   +   +   +   +   +   +   +   +   +   +
  46 I 12  12  16  12  16  16  16  16  16  16  16  16  12  16  16  16  16  16  16  16  16  12  16  16  16  16  16  16  16  16
     I  +   +   +   +   +   +   +   +   +   +   +   +   +   +   +   +   +   +   +   +   +   +   +   +   +   +   +   +   +   +
  45 I 16  16  16  12  16  16  13  12  12  12  12  12   9  12  12  12  12  12  12  12  12   9  12  12  12  12  12  12  12  12
     I  +   +   +   +   +   +   +   +   +   +   +   +   +   +   +   +   +   +   +   +   +   +   +   +   +   +   +   +   +   +
  44 I 12  12  12   9  12  12  15  16  16  16  16  16  12  16  16  16  16  16  16  16  16  12  16  16  16  16  16  16  16  16
     I  +   +   +   +   +   +   +   +   +   +   +   +   +   +   +   +   +   +   +   +   +   +   +   +   +   +   +   +   +   +
  43 I 16  16  16  12  16  16  16  16  16  16  15  12   9  12  12  12  12  12  12  12  12   9  12  12  12  12  12  12  12  12
     I  +   +   +   +   +   +   +   +   +   +   +   +   +   +   +   +   +   +   +   +   +   +   +   +   +   +   +   +   +   +
  42 I 12  12  12   9  12  12  12  12  12  12  13  16  12  16  16  16  16  16  16  16  16  12  16  16  16  16  16  16  16  16
     I  +   +   +   +   +   +   +   +   +   +   +   +   +   +   +   +   +   +   +   +   +   +   +   +   +   +   +   +   +   +
  41 I 16  16  16  13  15  16  16  16  16  16  16  16  12  16  16  16  14  12  12  12  12   9  12  12  12  12  12  12  12  12
     I  +   +   +   +   +   +   +   +   +   +   +   +   +   +   +   +   +   +   +   +   +   +   +   +   +   +   +   +   +   +
  40 I 12  12  12  12   9  12  12  12  12  12  12  12  12   9  12  12  14  16  16  16  16  14  14  16  16  16  16  16  16  16
     I  +   +   +   +   +   +   +   +   +   +   +   +   +   +   +   +   +   +   +   +   +   +   +   +   +   +   +   +   +   +
  39 I 16  16  16  16  12  16  16  16  16  16  16  16  16  12  16  16  16  16  16  16  16  16  12  14  12  12  12  12  12  12
     I  +   +   +   +   +   +   +   +   +   +   +   +   +   +   +   +   +   +   +   +   +   +   +   +   +   +   +   +   +   +
  38 I 12  12  12  12   9  12  12  12  12  12  12  12  12   9  12  12  12  12  12  12  12  12   9  14  16  16  16  16  16  16
     I  +   +   +   +   +   +   +   +   +   +   +   +   +   +   +   +   +   +   +   +   +   +   +   +   +   +   +   +   +   +
  37 I 16  16  16  16  12  16  16  16  16  16  16  16  16  12  16  16  16  16  16  16  16  16  12  16  16  16  16  16  16  16
     I  +   +   +   +   +   +   +   +   +   +   +   +   +   +   +   +   +   +   +   +   +   +   +   +   +   +   +   +   +   +
  36 I 12  12  12  12   9  12  12  12  12  12  12  12  12   9  12  12  12  12  12  12  12  12   9  12  12  12  12  12  12  12
     I  +   +   +   +   +   +   +   +   +   +   +   +   +   +   +   +   +   +   +   +   +   +   +   +   +   +   +   +   +   +
  35 I 16  16  16  16  12  16  16  16  16  16  16  16  16  12  16  16  16  16  16  16  16  16  12  16  16  16  16  16  16  16
     I  +   +   +   +   +   +   +   +   +   +   +   +   +   +   +   +   +   +   +   +   +   +   +   +   +   +   +   +   +   +
  34 I 12  12  12  12  10  11  12  12  12  12  12  12  12   9  12  12  12  12  12  12  12  12   9  12  12  12  12  12  12  12
     I  +   +   +   +   +   +   +   +   +   +   +   +   +   +   +   +   +   +   +   +   +   +   +   +   +   +   +   +   +   +
  33 I 16  16  16  16  16  12  16  16  16  16  16  16  16  12  16  16  16  16  16  16  16  16  12  16  16  16  16  16  16  16
     I  +   +   +   +   +   +   +   +   +   +   +   +   +   +   +   +   +   +   +   +   +   +   +   +   +   +   +   +   +   +
  32 I 12  12  12  12  12   9  12  12  12  12  12  12  12   9  12  12  12  12  12  12  12  12   9  12  12  12  12  12  12  12
     I  +   +   +   +   +   +   +   +   +   +   +   +   +   +   +   +   +   +   +   +   +   +   +   +   +   +   +   +   +   +
  31 I 16  16  16  16  16  12  16  16  16  16  16  16  16  15  13  16  16  16  16  16  16  16  12  16  16  16  16  16  16  16
     I  +   +   +   +   +   +   +   +   +   +   +   +   +   +   +   +   +   +   +   +   +   +   +   +   +   +   +   +   +   +
  30 I 16  16  16  12  12   9  12  12  12  12  12  12  12  12   9  12  12  12  12  12  12  12   9  12  12  12  12  12  12  12
     I  +   +   +   +   +   +   +   +   +   +   +   +   +   +   +   +   +   +   +   +   +   +   +   +   +   +   +   +   +   +
  29 I 12  12  12  16  16  12  16  16  16  16  16  16  16  16  12  16  16  16  16  16  16  16  12  16  16  16  16  16  16  16
     I  +   +   +   +   +   +   +   +   +   +   +   +   +   +   +   +   +   +   +   +   +   +   +   +   +   +   +   +   +   +
  28 I 16  16  16  16  16  12  16  12  12  12  12  12  12  12   9  12  12  12  12  12  12  12   9  12  12  12  12  12  12  12
     I  +   +   +   +   +   +   +   +   +   +   +   +   +   +   +   +   +   +   +   +   +   +   +   +   +   +   +   +   +   +
  27 I 12  12  12  12  12  10  11  16  16  16  16  16  16  16  12  16  16  16  16  16  16  16  12  16  16  16  16  16  16  16
     I  +   +   +   +   +   +   +   +   +   +   +   +   +   +   +   +   +   +   +   +   +   +   +   +   +   +   +   +   +   +
  26 I 16  16  16  16  16  16  12  16  16  16  16  13  12  12   9  12  12  12  12  12  12  12  11  10  12  12  12  12  12  12
     I  +   +   +   +   +   +   +   +   +   +   +   +   +   +   +   +   +   +   +   +   +   +   +   +   +   +   +   +   +   +
  25 I 12  12  12  12  12  12   9  12  12  12  12  15  16  16  12  16  16  16  16  16  16  16  16  12  16  16  16  16  16  16
     I  +   +   +   +   +   +   +   +   +   +   +   +   +   +   +   +   +   +   +   +   +   +   +   +   +   +   +   +   +   +
  24 I 16  16  16  16  16  16  12  16  16  16  16  16  16  16  12  16  14  12  12  12  12  12  12   9  12  12  12  12  12  12
     I  +   +   +   +   +   +   +   +   +   +   +   +   +   +   +   +   +   +   +   +   +   +   +   +   +   +   +   +   +   +
  23 I 12  12  12  12  12  12   9  12  12  12  12  12  12  12   9  12  14  16  16  16  16  16  16  12  16  16  16  16  16  16
     I  +   +   +   +   +   +   +   +   +   +   +   +   +   +   +   +   +   +   +   +   +   +   +   +   +   +   +   +   +   +
  22 I 16  16  16  16  16  16  12  16  16  16  16  16  16  16  13  15  16  16  16  16  16  16  14   9  12  12  12  12  12  12
     I  +   +   +   +   +   +   +   +   +   +   +   +   +   +   +   +   +   +   +   +   +   +   +   +   +   +   +   +   +   +
  21 I 12  12  12  12  12  12   9  12  12  12  12  12  12  12  12   9  12  12  12  12  12  12  14  12  16  16  16  16  16  16
     I  +   +   +   +   +   +   +   +   +   +   +   +   +   +   +   +   +   +   +   +   +   +   +   +   +   +   +   +   +   +
  20 I 16  16  16  16  16  16  12  16  16  16  16  16  16  16  16  12  16  16  16  16  16  16  16  12  16  16  16  16  16  16
     I  +   +   +   +   +   +   +   +   +   +   +   +   +   +   +   +   +   +   +   +   +   +   +   +   +   +   +   +   +   +
  19 I 12  12  12  12  12  12  11  10  12  12  12  12  12  12  12   9  12  12  12  12  12  12  12   9  12  12  12  12  12  12
     I  +   +   +   +   +   +   +   +   +   +   +   +   +   +   +   +   +   +   +   +   +   +   +   +   +   +   +   +   +   +
  18 I 16  16  16  16  16  16  16  12  16  16  16  16  16  16  16  12  16  16  16  16  16  16  16  12  16  16  16  16  16  16
     I  +   +   +   +   +   +   +   +   +   +   +   +   +   +   +   +   +   +   +   +   +   +   +   +   +   +   +   +   +   +
  17 I 12  12  12  12  12  12  12   9  12  12  12  12  12  12  12   9  12  12  12  12  12  12  12   9  12  12  12  12  12  12
     I  +   +   +   +   +   +   +   +   +   +   +   +   +   +   +   +   +   +   +   +   +   +   +   +   +   +   +   +   +   +
  16 I 16  16  16  16  16  16  16  12  16  16  16  16  16  16  16  12  16  16  16  16  16  16  16  12  16  16  16  16  16  16
     I  +   +   +   +   +   +   +   +   +   +   +   +   +   +   +   +   +   +   +   +   +   +   +   +   +   +   +   +   +   +
  15 I 12  12  12  12  12  12  12   9  12  12  12  12  12  12  12   9  12  12  12  12  12  12  12   9  12  12  12  12  12  12
     I  +   +   +   +   +   +   +   +   +   +   +   +   +   +   +   +   +   +   +   +   +   +   +   +   +   +   +   +   +   +
  14 I 16  16  16  16  16  16  16  12  16  16  16  16  16  16  16  12  16  16  16  16  16  16  16  12  16  16  16  16  16  16
     I  +   +   +   +   +   +   +   +   +   +   +   +   +   +   +   +   +   +   +   +   +   +   +   +   +   +   +   +   +   +
  13 I 16  13  12  12  12  12  12   9  12  12  12  12  12  12  12   9  12  12  12  12  12  12  12   9  12  12  12  12  12  12
     I  +   +   +   +   +   +   +   +   +   +   +   +   +   +   +   +   +   +   +   +   +   +   +   +   +   +   +   +   +   +
  12 I 12  15  16  16  16  16  16  12  16  16  16  16  16  16  16  12  16  16  16  16  16  16  16  12  16  16  16  16  16  16
     I  +   +   +   +   +   +   +   +   +   +   +   +   +   +   +   +   +   +   +   +   +   +   +   +   +   +   +   +   +   +
  11 I 13  16  16  16  14  12  12  11  10  12  12  12  12  12  12  10  11  12  12  12  12  12  12   9  12  12  12  12  12  12
     I  +   +   +   +   +   +   +   +   +   +   +   +   +   +   +   +   +   +   +   +   +   +   +   +   +   +   +   +   +   +
  10 I  9  12  12  12  14  16  16  16  12  16  16  16  16  16  16  16  12  16  16  16  16  16  16  16  12  16  16  16  16  16
     I  +   +   +   +   +   +   +   +   +   +   +   +   +   +   +   +   +   +   +   +   +   +   +   +   +   +   +   +   +   +
   9 I 12  16  16  16  16  16  16  15   9  12  12  12  12  12  12  12   9  12  12  12  12  12  12  12   9  12  12  12  12  12
     I  +   +   +   +   +   +   +   +   +   +   +   +   +   +   +   +   +   +   +   +   +   +   +   +   +   +   +   +   +   +
   8 I  9  12  12  12  12  12  12  13  12  16  16  16  16  16  16  16  12  16  16  16  16  16  16  16  12  16  16  16  16  16
     I  +   +   +   +   +   +   +   +   +   +   +   +   +   +   +   +   +   +   +   +   +   +   +   +   +   +   +   +   +   +
   7 I 12  16  16  16  16  16  16  16  12  16  16  16  12  12  12  12   9  12  12  12  12  12  12  12   9  12  12  12  12  12
     I  +   +   +   +   +   +   +   +   +   +   +   +   +   +   +   +   +   +   +   +   +   +   +   +   +   +   +   +   +   +
   6 I  9  12  12  12  12  12  12  12   9  12  12  12  16  16  16  16  12  16  16  16  16  16  16  16  12  16  16  16  16  16
     I  +   +   +   +   +   +   +   +   +   +   +   +   +   +   +   +   +   +   +   +   +   +   +   +   +   +   +   +   +   +
   5 I 12  16  16  16  16  16  16  16  12  16  16  16  16  16  16  16  10  12  12  12  12  12  12  12   9  12  12  12  12  12
     I  +   +   +   +   +   +   +   +   +   +   +   +   +   +   +   +   +   +   +   +   +   +   +   +   +   +   +   +   +   +
   4 I 12   9  12  12  12  12  12  12   9  12  12  12  12  12  12  12  11  16  16  16  16  16  16  16  12  16  16  16  16  16
     I  +   +   +   +   +   +   +   +   +   +   +   +   +   +   +   +   +   +   +   +   +   +   +   +   +   +   +   +   +   +
   3 I 16  12  16  16  16  16  16  16  12  16  16  16  16  16  16  16  12  16  16  16  16  16  12  12   9  12  12  12  12  12
     I  +   +   +   +   +   +   +   +   +   +   +   +   +   +   +   +   +   +   +   +   +   +   +   +   +   +   +   +   +   +
   2 I 12   9  12  12  12  12  12  12  12   9  12  12  12  12  12  12   9  12  12  12  12  12  16  16  12  16  16  16  16  16
     I  +   +   +   +   +   +   +   +   +   +   +   +   +   +   +   +   +   +   +   +   +   +   +   +   +   +   +   +   +   +
   1 I 16  12  16  16  16  16  16  16  16  12  16  16  16  16  16  16  12  16  16  16  16  16  16  16  12  16  16  16  16  16
     I  +   +   +   +   +   +   +   +   +   +   +   +   +   +   +   +   +   +   +   +   +   +   +   +   +   +   +   +   +   +
     ------------------------------------------------------------------------------------------------------------------------
        1   2   3   4   5   6   7   8   9  10  11  12  13  14  15  16  17  18  19  20  21  22  23  24  25  26  27  28  29  30

 Number of CTG land use cell hits                                      

 Multiply all values by 10 **   0

  80 I 16  16  16  16  16  16  16  16  16  12  16  16  16  16  16  16  16  16  16  16  12  16  16  16  16  16  16  16  16  16
     I  +   +   +   +   +   +   +   +   +   +   +   +   +   +   +   +   +   +   +   +   +   +   +   +   +   +   +   +   +   +
  79 I 12  12  12  12  12  12  12  12  12   9  12  12  12  12  12  12  12  12  12  12   9  12  12  12  12  12  12  12  12  12
     I  +   +   +   +   +   +   +   +   +   +   +   +   +   +   +   +   +   +   +   +   +   +   +   +   +   +   +   +   +   +
  78 I 16  16  16  16  16  16  16  16  16  12  16  16  16  16  16  16  16  16  16  16  12  16  16  16  16  16  16  16  16  16
     I  +   +   +   +   +   +   +   +   +   +   +   +   +   +   +   +   +   +   +   +   +   +   +   +   +   +   +   +   +   +
  77 I 12  12  12  12  12  12  12  12  12   9  12  12  12  12  12  12  12  12  12  12   9  12  12  12  12  12  12  12  12  12
     I  +   +   +   +   +   +   +   +   +   +   +   +   +   +   +   +   +   +   +   +   +   +   +   +   +   +   +   +   +   +
  76 I 16  16  16  16  16  16  16  16  16  12  16  16  16  16  16  16  16  16  16  16  12  16  16  16  16  16  16  16  16  16
     I  +   +   +   +   +   +   +   +   +   +   +   +   +   +   +   +   +   +   +   +   +   +   +   +   +   +   +   +   +   +
  75 I 12  12  12  12  12  12  12  12  12   9  12  12  12  12  12  12  12  12  12  12   9  12  12  12  12  12  12  12  12  12
     I  +   +   +   +   +   +   +   +   +   +   +   +   +   +   +   +   +   +   +   +   +   +   +   +   +   +   +   +   +   +
  74 I 16  16  16  16  16  16  16  16  16  12  16  16  16  16  16  16  16  16  16  16  12  16  16  16  16  16  16  16  16  16
     I  +   +   +   +   +   +   +   +   +   +   +   +   +   +   +   +   +   +   +   +   +   +   +   +   +   +   +   +   +   +
  73 I 12  12  12  12  12  12  12  12  12   9  12  12  12  12  12  12  12  12  12  12   9  12  12  12  12  12  12  12  12  12
     I  +   +   +   +   +   +   +   +   +   +   +   +   +   +   +   +   +   +   +   +   +   +   +   +   +   +   +   +   +   +
  72 I 16  16  16  16  16  16  16  16  16  12  16  16  16  16  16  16  16  16  16  16  12  16  16  16  16  16  16  16  16  16
     I  +   +   +   +   +   +   +   +   +   +   +   +   +   +   +   +   +   +   +   +   +   +   +   +   +   +   +   +   +   +
  71 I 12  12  12  12  12  12  12  12  12   9  12  12  12  12  12  12  12  12  12  12   9  12  12  12  12  12  12  12  12  12
     I  +   +   +   +   +   +   +   +   +   +   +   +   +   +   +   +   +   +   +   +   +   +   +   +   +   +   +   +   +   +
  70 I 16  16  16  16  16  16  16  16  16  12  16  16  16  16  16  16  16  16  16  16  12  16  16  16  16  16  16  16  16  16
     I  +   +   +   +   +   +   +   +   +   +   +   +   +   +   +   +   +   +   +   +   +   +   +   +   +   +   +   +   +   +
  69 I 12  12  12  12  12  12  12  12  12   9  12  12  12  12  12  12  12  12  12  12   9  12  12  12  12  16  16  16  16  16
     I  +   +   +   +   +   +   +   +   +   +   +   +   +   +   +   +   +   +   +   +   +   +   +   +   +   +   +   +   +   +
  68 I 16  16  16  16  16  16  16  16  16  12  16  16  16  16  16  16  16  16  16  16  12  16  16  16  16  12  12  12  12  12
     I  +   +   +   +   +   +   +   +   +   +   +   +   +   +   +   +   +   +   +   +   +   +   +   +   +   +   +   +   +   +
  67 I 16  16  16  16  16  16  16  16  16  12  16  16  16  16  16  16  16  16  16  16  12  16  16  16  16  16  16  16  16  16
     I  +   +   +   +   +   +   +   +   +   +   +   +   +   +   +   +   +   +   +   +   +   +   +   +   +   +   +   +   +   +
  66 I 12  12  12  12  12  12  12  12  12   9  12  12  12  12  12  12  12  12  12  10  11  12  12  12  12  12  12  12  12  12
     I  +   +   +   +   +   +   +   +   +   +   +   +   +   +   +   +   +   +   +   +   +   +   +   +   +   +   +   +   +   +
  65 I 16  16  16  16  16  16  16  16  16  12  16  16  16  16  16  16  16  16  16  12  16  16  16  16  16  16  16  16  16  13
     I  +   +   +   +   +   +   +   +   +   +   +   +   +   +   +   +   +   +   +   +   +   +   +   +   +   +   +   +   +   +
  64 I 12  12  12  12  12  12  12  12  12   9  12  12  12  12  12  12  12  12  12   9  12  12  12  12  12  12  12  12  12   9
     I  +   +   +   +   +   +   +   +   +   +   +   +   +   +   +   +   +   +   +   +   +   +   +   +   +   +   +   +   +   +
  63 I 14  16  16  16  16  16  16  16  16  12  16  16  16  16  16  16  16  16  16  12  16  16  16  16  16  16  16  16  16  12
     I  +   +   +   +   +   +   +   +   +   +   +   +   +   +   +   +   +   +   +   +   +   +   +   +   +   +   +   +   +   +
  62 I  9  12  12  12  12  12  12  12  12   9  12  12  12  12  12  12  12  12  12   9  12  12  12  12  12  12  12  12  12   9
     I  +   +   +   +   +   +   +   +   +   +   +   +   +   +   +   +   +   +   +   +   +   +   +   +   +   +   +   +   +   +
  61 I 12  16  16  16  16  16  16  16  16  12  16  16  16  16  16  16  16  16  16  12  16  16  16  16  16  16  16  16  16  12
     I  +   +   +   +   +   +   +   +   +   +   +   +   +   +   +   +   +   +   +   +   +   +   +   +   +   +   +   +   +   +
  60 I  9  12  12  12  12  12  12  12  12   9  12  12  12  12  12  12  12  12  12   9  12  12  12  12  12  12  12  12  12   9
     I  +   +   +   +   +   +   +   +   +   +   +   +   +   +   +   +   +   +   +   +   +   +   +   +   +   +   +   +   +   +
  59 I 12  16  16  16  16  16  16  16  16  12  16  16  16  16  16  16  16  16  16  12  16  16  16  16  16  16  16  16  16  12
     I  +   +   +   +   +   +   +   +   +   +   +   +   +   +   +   +   +   +   +   +   +   +   +   +   +   +   +   +   +   +
  58 I  9  12  12  12  12  12  12  12  12   9  12  12  12  12  12  12  12  12  12   9  12  12  12  12  12  12  12  12  12   9
     I  +   +   +   +   +   +   +   +   +   +   +   +   +   +   +   +   +   +   +   +   +   +   +   +   +   +   +   +   +   +
  57 I 12  16  16  16  16  16  16  16  16  12  16  16  16  16  16  16  16  16  16  12  16  16  16  16  16  16  16  16  16  12
     I  +   +   +   +   +   +   +   +   +   +   +   +   +   +   +   +   +   +   +   +   +   +   +   +   +   +   +   +   +   +
  56 I  9  12  12  12  12  12  12  12  12   9  12  12  12  12  12  12  12  12  12   9  12  12  12  12  12  12  12  12  12   9
     I  +   +   +   +   +   +   +   +   +   +   +   +   +   +   +   +   +   +   +   +   +   +   +   +   +   +   +   +   +   +
  55 I 12  16  16  16  16  16  16  16  16  12  16  16  16  16  16  16  16  16  16  12  16  16  16  16  16  16  16  16  16  12
     I  +   +   +   +   +   +   +   +   +   +   +   +   +   +   +   +   +   +   +   +   +   +   +   +   +   +   +   +   +   +
  54 I  9  12  12  12  12  12  12  12  12   9  12  12  12  12  12  12  12  12  12   9  12  12  13  16  16  16  16  16  13  15
     I  +   +   +   +   +   +   +   +   +   +   +   +   +   +   +   +   +   +   +   +   +   +   +   +   +   +   +   +   +   +
  53 I 12  16  16  16  16  16  16  16  16  12  16  16  16  16  16  16  16  16  16  12  16  16  15  12  12  12  12  12   9  12
     I  +   +   +   +   +   +   +   +   +   +   +   +   +   +   +   +   +   +   +   +   +   +   +   +   +   +   +   +   +   +
  52 I 12  16  16  16  16  16  16  16  16  12  16  16  16  16  16  16  16  16  16  12  16  16  16  16  16  16  16  16  12  16
     I  +   +   +   +   +   +   +   +   +   +   +   +   +   +   +   +   +   +   +   +   +   +   +   +   +   +   +   +   +   +
  51 I  9  12  12  12  12  12  12  12  12   9  12  12  12  12  12  12  12  12  12   9  12  12  12  12  12  12  12  12   9  12
     I  +   +   +   +   +   +   +   +   +   +   +   +   +   +   +   +   +   +   +   +   +   +   +   +   +   +   +   +   +   +
  50 I 12  16  16  16  16  16  16  16  16  12  16  16  16  16  16  16  16  16  16  12  16  16  16  16  16  16  16  16  12  16
     I  +   +   +   +   +   +   +   +   +   +   +   +   +   +   +   +   +   +   +   +   +   +   +   +   +   +   +   +   +   +
  49 I  9  12  12  12  12  12  12  12  12   9  12  12  12  12  12  12  12  12  12   9  12  12  12  12  12  12  12  12   9  12
     I  +   +   +   +   +   +   +   +   +   +   +   +   +   +   +   +   +   +   +   +   +   +   +   +   +   +   +   +   +   +
  48 I 12  16  16  16  16  16  16  16  16  12  16  16  16  16  16  16  16  16  16  12  16  16  16  16  16  16  16  16  12  16
     I  +   +   +   +   +   +   +   +   +   +   +   +   +   +   +   +   +   +   +   +   +   +   +   +   +   +   +   +   +   +
  47 I  9  12  12  12  12  12  12  12  12   9  12  12  12  12  12  12  12  12  12   9  12  12  12  12  12  12  12  12   9  12
     I  +   +   +   +   +   +   +   +   +   +   +   +   +   +   +   +   +   +   +   +   +   +   +   +   +   +   +   +   +   +
  46 I 12  16  16  16  16  16  16  16  16  12  16  16  16  16  16  16  16  16  16  12  16  16  16  16  16  16  16  16  12  16
     I  +   +   +   +   +   +   +   +   +   +   +   +   +   +   +   +   +   +   +   +   +   +   +   +   +   +   +   +   +   +
  45 I  9  12  12  12  12  12  12  12  12   9  12  12  12  12  12  12  12  12  12   9  12  12  12  12  12  12  12  12   9  12
     I  +   +   +   +   +   +   +   +   +   +   +   +   +   +   +   +   +   +   +   +   +   +   +   +   +   +   +   +   +   +
  44 I 12  16  16  16  16  16  16  16  16  12  16  16  16  16  16  16  16  16  16  12  16  16  16  16  16  16  16  16  12  16
     I  +   +   +   +   +   +   +   +   +   +   +   +   +   +   +   +   +   +   +   +   +   +   +   +   +   +   +   +   +   +
  43 I  9  12  12  12  12  12  12  12  12   9  12  12  12  12  12  12  12  12  12   9  12  12  12  12  12  12  12  12   9  12
     I  +   +   +   +   +   +   +   +   +   +   +   +   +   +   +   +   +   +   +   +   +   +   +   +   +   +   +   +   +   +
  42 I 12  16  16  16  16  16  16  16  16  12  16  16  16  16  16  16  16  16  12  16  16  16  16  16  16  16  16  14  14  16
     I  +   +   +   +   +   +   +   +   +   +   +   +   +   +   +   +   +   +   +   +   +   +   +   +   +   +   +   +   +   +
  41 I  9  12  12  12  12  12  12  12  12   9  12  12  12  12  12  12  12  12   9  12  12  12  12  12  12  12  12   9  12  12
     I  +   +   +   +   +   +   +   +   +   +   +   +   +   +   +   +   +   +   +   +   +   +   +   +   +   +   +   +   +   +
  40 I 12  16  16  16  16  16  16  16  16  12  16  16  16  16  16  16  16  16  12  16  16  16  16  16  16  16  16  12  16  16
     I  +   +   +   +   +   +   +   +   +   +   +   +   +   +   +   +   +   +   +   +   +   +   +   +   +   +   +   +   +   +
  39 I 10  11  12  12  12  12  12  12  12   9  12  12  12  12  12  12  12  12   9  12  12  12  12  12  12  12  14  12  16  16
     I  +   +   +   +   +   +   +   +   +   +   +   +   +   +   +   +   +   +   +   +   +   +   +   +   +   +   +   +   +   +
  38 I 16  12  16  16  16  16  16  16  16  12  16  16  16  16  16  16  16  16  12  16  16  16  16  16  16  16  14   9  12  12
     I  +   +   +   +   +   +   +   +   +   +   +   +   +   +   +   +   +   +   +   +   +   +   +   +   +   +   +   +   +   +
  37 I 16  12  16  16  16  16  16  16  16  12  16  16  16  16  16  16  16  16  12  16  16  16  16  16  16  16  16  12  16  16
     I  +   +   +   +   +   +   +   +   +   +   +   +   +   +   +   +   +   +   +   +   +   +   +   +   +   +   +   +   +   +
  36 I 12   9  12  12  12  12  12  12  12   9  12  12  12  12  12  12  12  12   9  12  12  12  12  12  12  12  12   9  12  12
     I  +   +   +   +   +   +   +   +   +   +   +   +   +   +   +   +   +   +   +   +   +   +   +   +   +   +   +   +   +   +
  35 I 16  12  16  16  16  16  16  16  16  12  16  16  16  16  16  16  16  16  12  16  16  16  16  16  16  16  16  12  16  16
     I  +   +   +   +   +   +   +   +   +   +   +   +   +   +   +   +   +   +   +   +   +   +   +   +   +   +   +   +   +   +
  34 I 12   9  12  12  12  12  12  12  12   9  12  12  12  12  12  12  12  12   9  12  12  12  12  12  12  12  12   9  12  12
     I  +   +   +   +   +   +   +   +   +   +   +   +   +   +   +   +   +   +   +   +   +   +   +   +   +   +   +   +   +   +
  33 I 16  12  16  16  16  16  16  16  16  12  16  16  16  16  16  16  16  16  12  16  16  16  16  16  16  16  16  12  16  16
     I  +   +   +   +   +   +   +   +   +   +   +   +   +   +   +   +   +   +   +   +   +   +   +   +   +   +   +   +   +   +
  32 I 12   9  12  12  12  12  12  12  12   9  12  12  12  12  12  12  12  12   9  12  12  12  12  12  12  12  12   9  12  12
     I  +   +   +   +   +   +   +   +   +   +   +   +   +   +   +   +   +   +   +   +   +   +   +   +   +   +   +   +   +   +
  31 I 16  12  16  16  16  16  16  16  16  12  16  16  16  16  16  16  16  16  12  16  16  16  16  16  16  16  16  12  16  16
     I  +   +   +   +   +   +   +   +   +   +   +   +   +   +   +   +   +   +   +   +   +   +   +   +   +   +   +   +   +   +
  30 I 12   9  12  12  12  12  12  12  12   9  12  12  12  12  12  12  12  12   9  12  12  12  12  12  12  12  12   9  12  12
     I  +   +   +   +   +   +   +   +   +   +   +   +   +   +   +   +   +   +   +   +   +   +   +   +   +   +   +   +   +   +
  29 I 16  12  16  16  16  16  16  16  16  12  16  16  16  16  16  16  16  16  12  16  16  16  16  16  16  16  16  12  16  16
     I  +   +   +   +   +   +   +   +   +   +   +   +   +   +   +   +   +   +   +   +   +   +   +   +   +   +   +   +   +   +
  28 I 12   9  12  12  12  12  12  12  12   9  12  12  12  12  12  12  12  12   9  12  12  12  12  12  12  12  11  10  12  12
     I  +   +   +   +   +   +   +   +   +   +   +   +   +   +   +   +   +   +   +   +   +   +   +   +   +   +   +   +   +   +
  27 I 16  12  16  16  16  16  16  16  16  12  16  16  16  16  16  16  16  16  12  16  16  16  16  16  16  16  12  16  16  16
     I  +   +   +   +   +   +   +   +   +   +   +   +   +   +   +   +   +   +   +   +   +   +   +   +   +   +   +   +   +   +
  26 I 12   9  12  12  12  12  12  12  12   9  12  12  12  12  12  12  12  12   9  12  12  12  12  12  12  12   9  12  12  12
     I  +   +   +   +   +   +   +   +   +   +   +   +   +   +   +   +   +   +   +   +   +   +   +   +   +   +   +   +   +   +
  25 I 16  12  16  16  16  16  16  16  16  12  16  16  16  16  16  16  16  16  12  16  16  16  16  16  16  16  12  16  16  16
     I  +   +   +   +   +   +   +   +   +   +   +   +   +   +   +   +   +   +   +   +   +   +   +   +   +   +   +   +   +   +
  24 I 12   9  12  12  12  12  12  12  12   9  12  12  12  12  12  12  12  12   9  12  12  12  12  12  12  12   9  12  12  12
     I  +   +   +   +   +   +   +   +   +   +   +   +   +   +   +   +   +   +   +   +   +   +   +   +   +   +   +   +   +   +
  23 I 16  12  16  16  16  16  16  16  16  12  16  16  16  16  16  16  16  16  12  16  16  16  16  16  16  16  12  16  16  16
     I  +   +   +   +   +   +   +   +   +   +   +   +   +   +   +   +   +   +   +   +   +   +   +   +   +   +   +   +   +   +
  22 I 12   9  12  12  12  12  12  12  12   9  12  12  12  12  12  12  12  12   9  12  12  12  12  12  12  12   9  14  16  16
     I  +   +   +   +   +   +   +   +   +   +   +   +   +   +   +   +   +   +   +   +   +   +   +   +   +   +   +   +   +   +
  21 I 16  12  16  16  16  16  16  16  16  12  16  16  16  16  16  16  16  16  12  16  16  16  16  16  16  16  12  14  12  12
     I  +   +   +   +   +   +   +   +   +   +   +   +   +   +   +   +   +   +   +   +   +   +   +   +   +   +   +   +   +   +
  20 I 16  12  16  14  12  12  12  12  12   9  12  12  12  12  12  12  14  16  12  16  16  16  16  16  16  16  12  16  16  16
     I  +   +   +   +   +   +   +   +   +   +   +   +   +   +   +   +   +   +   +   +   +   +   +   +   +   +   +   +   +   +
  19 I 12   9  12  14  16  16  16  16  16  12  16  16  16  16  16  16  14  12   9  12  12  12  12  12  12  12   9  12  12  12
     I  +   +   +   +   +   +   +   +   +   +   +   +   +   +   +   +   +   +   +   +   +   +   +   +   +   +   +   +   +   +
  18 I 16  12  16  16  16  16  16  16  16  12  16  16  16  16  16  16  16  16  12  16  16  16  16  16  16  16  12  16  16  16
     I  +   +   +   +   +   +   +   +   +   +   +   +   +   +   +   +   +   +   +   +   +   +   +   +   +   +   +   +   +   +
  17 I 12   9  12  12  12  12  12  12  12   9  12  12  12  12  12  12  12  12   9  12  12  12  12  12  12  12   9  12  12  12
     I  +   +   +   +   +   +   +   +   +   +   +   +   +   +   +   +   +   +   +   +   +   +   +   +   +   +   +   +   +   +
  16 I 16  12  16  16  16  16  16  16  16  12  16  16  16  16  16  16  16  16  12  16  16  16  16  16  16  16  12  16  16  16
     I  +   +   +   +   +   +   +   +   +   +   +   +   +   +   +   +   +   +   +   +   +   +   +   +   +   +   +   +   +   +
  15 I 12   9  12  12  12  12  12  12  12   9  12  12  12  12  12  12  12  12   9  12  12  12  12  12  12  12   9  12  12  12
     I  +   +   +   +   +   +   +   +   +   +   +   +   +   +   +   +   +   +   +   +   +   +   +   +   +   +   +   +   +   +
  14 I 16  12  16  16  16  16  16  16  16  12  16  16  16  16  16  16  16  16  12  16  16  16  16  16  16  16  12  16  16  16
     I  +   +   +   +   +   +   +   +   +   +   +   +   +   +   +   +   +   +   +   +   +   +   +   +   +   +   +   +   +   +
  13 I 12   9  12  12  12  12  12  12  12   9  12  12  12  12  12  12  12  10  11  12  12  12  12  12  12  12   9  12  12  12
     I  +   +   +   +   +   +   +   +   +   +   +   +   +   +   +   +   +   +   +   +   +   +   +   +   +   +   +   +   +   +
  12 I 16  12  16  16  16  16  16  16  16  12  16  16  16  16  16  16  16  12  16  16  16  16  16  16  16  12  16  16  16  16
     I  +   +   +   +   +   +   +   +   +   +   +   +   +   +   +   +   +   +   +   +   +   +   +   +   +   +   +   +   +   +
  11 I 12   9  12  12  12  12  12  12  12   9  12  12  12  12  12  12  12   9  12  12  12  12  12  12  12   9  12  12  12  12
     I  +   +   +   +   +   +   +   +   +   +   +   +   +   +   +   +   +   +   +   +   +   +   +   +   +   +   +   +   +   +
  10 I 16  13  15  16  16  16  16  16  16  12  16  16  16  16  16  16  16  12  16  16  16  16  16  16  16  12  16  16  16  16
     I  +   +   +   +   +   +   +   +   +   +   +   +   +   +   +   +   +   +   +   +   +   +   +   +   +   +   +   +   +   +
   9 I 12  12   9  12  12  12  12  12  12   9  12  12  12  12  12  12  12   9  12  12  12  12  12  12  12   9  12  12  12  12
     I  +   +   +   +   +   +   +   +   +   +   +   +   +   +   +   +   +   +   +   +   +   +   +   +   +   +   +   +   +   +
   8 I 16  16  12  16  16  16  16  16  16  12  16  16  16  16  16  16  16  12  16  16  16  16  16  16  16  12  16  16  16  16
     I  +   +   +   +   +   +   +   +   +   +   +   +   +   +   +   +   +   +   +   +   +   +   +   +   +   +   +   +   +   +
   7 I 12  12   9  12  12  12  12  12  12   9  12  12  12  12  12  12  12   9  12  12  12  12  12  12  12   9  12  12  12  12
     I  +   +   +   +   +   +   +   +   +   +   +   +   +   +   +   +   +   +   +   +   +   +   +   +   +   +   +   +   +   +
   6 I 16  16  12  16  16  16  16  16  16  12  16  16  16  16  16  16  16  12  16  16  16  16  16  16  16  12  16  16  16  16
     I  +   +   +   +   +   +   +   +   +   +   +   +   +   +   +   +   +   +   +   +   +   +   +   +   +   +   +   +   +   +
   5 I 12  12   9  12  12  12  12  12  12   9  12  12  12  12  12  12  12   9  12  12  12  12  12  12  12   9  12  12  12  12
     I  +   +   +   +   +   +   +   +   +   +   +   +   +   +   +   +   +   +   +   +   +   +   +   +   +   +   +   +   +   +
   4 I 16  16  12  16  16  16  16  16  16  12  16  16  16  16  16  16  16  12  16  16  16  16  16  16  16  12  16  16  16  16
     I  +   +   +   +   +   +   +   +   +   +   +   +   +   +   +   +   +   +   +   +   +   +   +   +   +   +   +   +   +   +
   3 I 12  12   9  12  12  12  12  12  12   9  12  12  12  12  12  12  12   9  12  12  12  12  12  12  12   9  12  12  16  16
     I  +   +   +   +   +   +   +   +   +   +   +   +   +   +   +   +   +   +   +   +   +   +   +   +   +   +   +   +   +   +
   2 I 16  16  12  16  16  16  16  16  16  12  16  16  16  16  16  16  16  12  16  16  16  16  16  16  16  12  16  16  12  12
     I  +   +   +   +   +   +   +   +   +   +   +   +   +   +   +   +   +   +   +   +   +   +   +   +   +   +   +   +   +   +
   1 I 12  12   9  12  12  12  12  12  12   9  12  12  12  12  12  12  12   9  12  12  16  16  16  16  16  12  16  16  16  16
     I  +   +   +   +   +   +   +   +   +   +   +   +   +   +   +   +   +   +   +   +   +   +   +   +   +   +   +   +   +   +
     ------------------------------------------------------------------------------------------------------------------------
       31  32  33  34  35  36  37  38  39  40  41  42  43  44  45  46  47  48  49  50  51  52  53  54  55  56  57  58  59  60

 Number of CTG land use cell hits                                      

 Multiply all values by 10 **   0

  80 I 16  12  16  16  16  16  16  16  16  16  16  16  12  16  16  16  16  16  16  16
     I  +   +   +   +   +   +   +   +   +   +   +   +   +   +   +   +   +   +   +   +
  79 I 12   9  12  12  12  12  12  12  12  12  12  12   9  12  12  12  12  12  12  12
     I  +   +   +   +   +   +   +   +   +   +   +   +   +   +   +   +   +   +   +   +
  78 I 16  12  16  16  16  16  16  16  16  16  16  14  14  16  16  16  16  16  16  16
     I  +   +   +   +   +   +   +   +   +   +   +   +   +   +   +   +   +   +   +   +
  77 I 12   9  12  12  12  12  12  12  12  12  12   9  12  12  12  12  12  12  12  14
     I  +   +   +   +   +   +   +   +   +   +   +   +   +   +   +   +   +   +   +   +
  76 I 16  12  16  16  16  16  16  16  16  16  16  12  16  16  16  16  16  16  16  14
     I  +   +   +   +   +   +   +   +   +   +   +   +   +   +   +   +   +   +   +   +
  75 I 10  11  12  12  12  12  12  12  12  12  12   9  12  12  12  16  16  16  16  16
     I  +   +   +   +   +   +   +   +   +   +   +   +   +   +   +   +   +   +   +   +
  74 I 12  16  16  16  16  16  16  16  16  16  16  12  16  16  16  12  12  12  12  12
     I  +   +   +   +   +   +   +   +   +   +   +   +   +   +   +   +   +   +   +   +
  73 I  9  12  12  12  12  12  12  12  12  13  16  12  16  16  16  16  16  16  16  16
     I  +   +   +   +   +   +   +   +   +   +   +   +   +   +   +   +   +   +   +   +
  72 I 12  16  16  16  16  16  16  16  16  15  11  10  12  12  12  12  12  12  12  12
     I  +   +   +   +   +   +   +   +   +   +   +   +   +   +   +   +   +   +   +   +
  71 I  9  12  12  14  16  16  16  16  16  16  12  16  16  16  16  16  16  16  16  16
     I  +   +   +   +   +   +   +   +   +   +   +   +   +   +   +   +   +   +   +   +
  70 I 12  16  16  14  12  12  12  12  12  12   9  12  12  12  12  12  12  12  12  12
     I  +   +   +   +   +   +   +   +   +   +   +   +   +   +   +   +   +   +   +   +
  69 I 12  16  16  16  16  16  16  16  16  16  12  16  16  16  16  16  16  16  16  16
     I  +   +   +   +   +   +   +   +   +   +   +   +   +   +   +   +   +   +   +   +
  68 I  9  12  12  12  12  12  12  12  12  12   9  12  12  12  12  12  12  12  12  12
     I  +   +   +   +   +   +   +   +   +   +   +   +   +   +   +   +   +   +   +   +
  67 I 12  16  16  16  16  16  16  16  16  16  12  16  16  16  16  16  16  16  16  16
     I  +   +   +   +   +   +   +   +   +   +   +   +   +   +   +   +   +   +   +   +
  66 I  9  12  12  12  12  12  12  12  12  12   9  12  12  12  12  12  12  12  12  12
     I  +   +   +   +   +   +   +   +   +   +   +   +   +   +   +   +   +   +   +   +
  65 I 15  16  16  16  16  16  16  16  16  14  14  16  16  16  16  16  16  16  16  15
     I  +   +   +   +   +   +   +   +   +   +   +   +   +   +   +   +   +   +   +   +
  64 I 12  12  12  12  12  12  12  12  12   9  12  12  12  12  12  12  12  12  12   9
     I  +   +   +   +   +   +   +   +   +   +   +   +   +   +   +   +   +   +   +   +
  63 I 16  16  16  16  16  16  16  16  16  12  16  16  16  16  16  16  16  16  16  12
     I  +   +   +   +   +   +   +   +   +   +   +   +   +   +   +   +   +   +   +   +
  62 I 12  12  12  12  12  12  12  12  12   9  12  12  12  12  12  12  12  14  16  12
     I  +   +   +   +   +   +   +   +   +   +   +   +   +   +   +   +   +   +   +   +
  61 I 16  16  16  16  16  16  16  16  16  12  16  16  16  16  16  16  16  14  12   9
     I  +   +   +   +   +   +   +   +   +   +   +   +   +   +   +   +   +   +   +   +
  60 I 12  12  12  12  12  12  12  12  12   9  12  12  12  15  16  16  16  16  15  13
     I  +   +   +   +   +   +   +   +   +   +   +   +   +   +   +   +   +   +   +   +
  59 I 16  16  16  16  16  16  16  16  16  12  16  16  16  13  12  12  12  12   9  12
     I  +   +   +   +   +   +   +   +   +   +   +   +   +   +   +   +   +   +   +   +
  58 I 12  12  12  12  12  12  12  13  15  13  16  16  16  16  16  16  16  16  12  16
     I  +   +   +   +   +   +   +   +   +   +   +   +   +   +   +   +   +   +   +   +
  57 I 16  16  16  16  16  16  16  15   9  12  12  12  12  12  12  12  12  12   9  12
     I  +   +   +   +   +   +   +   +   +   +   +   +   +   +   +   +   +   +   +   +
  56 I 12  13  16  16  16  16  16  16  12  16  16  16  16  16  16  16  16  16  12  16
     I  +   +   +   +   +   +   +   +   +   +   +   +   +   +   +   +   +   +   +   +
  55 I 16  15  12  12  12  12  12  12   9  12  12  12  12  12  12  12  12  12   9  12
     I  +   +   +   +   +   +   +   +   +   +   +   +   +   +   +   +   +   +   +   +
  54 I 16  16  16  16  16  16  16  16  12  16  16  16  16  16  16  16  16  14  14  16
     I  +   +   +   +   +   +   +   +   +   +   +   +   +   +   +   +   +   +   +   +
  53 I 12  12  12  12  12  12  12  12   9  12  12  12  12  12  12  12  12   9  12  12
     I  +   +   +   +   +   +   +   +   +   +   +   +   +   +   +   +   +   +   +   +
  52 I 16  16  16  16  16  16  16  16  12  16  16  16  16  16  16  16  16  12  16  16
     I  +   +   +   +   +   +   +   +   +   +   +   +   +   +   +   +   +   +   +   +
  51 I 12  12  12  12  12  12  12  12   9  12  12  12  12  12  12  12  12   9  12  12
     I  +   +   +   +   +   +   +   +   +   +   +   +   +   +   +   +   +   +   +   +
  50 I 16  16  16  16  16  16  16  14  14  16  16  16  16  16  16  16  16  12  16  16
     I  +   +   +   +   +   +   +   +   +   +   +   +   +   +   +   +   +   +   +   +
  49 I 12  12  12  12  12  12  12   9  12  12  12  12  12  12  12  12  12   9  12  12
     I  +   +   +   +   +   +   +   +   +   +   +   +   +   +   +   +   +   +   +   +
  48 I 16  16  16  16  16  16  16  12  16  16  16  16  16  16  16  16  15  13  16  16
     I  +   +   +   +   +   +   +   +   +   +   +   +   +   +   +   +   +   +   +   +
  47 I 12  12  12  12  12  12  12   9  12  12  12  12  12  12  12  12   9  12  16  16
     I  +   +   +   +   +   +   +   +   +   +   +   +   +   +   +   +   +   +   +   +
  46 I 16  16  16  16  16  16  16  12  16  16  16  16  16  16  16  16  12  16  12  12
     I  +   +   +   +   +   +   +   +   +   +   +   +   +   +   +   +   +   +   +   +
  45 I 12  12  12  12  12  12  12   9  12  12  12  12  12  13  16  16  12  16  16  16
     I  +   +   +   +   +   +   +   +   +   +   +   +   +   +   +   +   +   +   +   +
  44 I 16  16  16  16  16  16  16  12  16  16  16  16  16  15  12  12   9  12  12  12
     I  +   +   +   +   +   +   +   +   +   +   +   +   +   +   +   +   +   +   +   +
  43 I 12  12  12  12  12  12  12   9  12  15  16  16  16  16  16  16  12  16  16  16
     I  +   +   +   +   +   +   +   +   +   +   +   +   +   +   +   +   +   +   +   +
  42 I 16  16  16  16  16  16  15  13  16  13  12  12  12  12  12  12   9  12  12  12
     I  +   +   +   +   +   +   +   +   +   +   +   +   +   +   +   +   +   +   +   +
  41 I 12  12  12  14  16  16  12  16  16  16  16  16  16  16  16  12  16  16  16  16
     I  +   +   +   +   +   +   +   +   +   +   +   +   +   +   +   +   +   +   +   +
  40 I 16  16  16  14  12  12   9  12  12  12  12  12  12  12  12   9  12  12  12  12
     I  +   +   +   +   +   +   +   +   +   +   +   +   +   +   +   +   +   +   +   +
  39 I 16  16  16  16  16  16  12  16  16  16  16  16  16  16  16  12  16  16  16  16
     I  +   +   +   +   +   +   +   +   +   +   +   +   +   +   +   +   +   +   +   +
  38 I 12  12  12  12  12  12   9  12  12  12  12  12  12  12  12   9  12  12  12  12
     I  +   +   +   +   +   +   +   +   +   +   +   +   +   +   +   +   +   +   +   +
  37 I 16  16  16  16  16  16  12  16  16  16  16  16  16  16  16  12  16  16  16  16
     I  +   +   +   +   +   +   +   +   +   +   +   +   +   +   +   +   +   +   +   +
  36 I 12  12  12  12  12  12   9  12  12  12  12  12  12  12  12   9  12  12  12  12
     I  +   +   +   +   +   +   +   +   +   +   +   +   +   +   +   +   +   +   +   +
  35 I 16  16  16  16  16  16  12  16  16  16  16  16  16  16  15  13  16  16  16  16
     I  +   +   +   +   +   +   +   +   +   +   +   +   +   +   +   +   +   +   +   +
  34 I 12  12  12  12  12  12   9  12  12  12  12  12  12  12   9  12  12  12  12  12
     I  +   +   +   +   +   +   +   +   +   +   +   +   +   +   +   +   +   +   +   +
  33 I 16  16  16  16  16  15  13  16  16  16  16  16  16  16  12  16  16  16  16  16
     I  +   +   +   +   +   +   +   +   +   +   +   +   +   +   +   +   +   +   +   +
  32 I 12  12  12  12  12   9  12  12  12  12  12  12  12  12   9  12  12  12  12  12
     I  +   +   +   +   +   +   +   +   +   +   +   +   +   +   +   +   +   +   +   +
  31 I 16  16  16  16  16  12  16  16  16  16  16  16  16  16  12  16  16  16  16  16
     I  +   +   +   +   +   +   +   +   +   +   +   +   +   +   +   +   +   +   +   +
  30 I 12  12  12  12  12   9  12  12  12  12  12  12  12  12   9  12  12  16  16  16
     I  +   +   +   +   +   +   +   +   +   +   +   +   +   +   +   +   +   +   +   +
  29 I 16  16  16  16  16  12  16  16  16  16  16  16  16  16  12  16  16  12  12  12
     I  +   +   +   +   +   +   +   +   +   +   +   +   +   +   +   +   +   +   +   +
  28 I 12  12  12  12  12   9  12  12  12  12  12  12  12  15  13  16  16  16  16  16
     I  +   +   +   +   +   +   +   +   +   +   +   +   +   +   +   +   +   +   +   +
  27 I 16  16  16  16  16  12  16  16  16  16  16  16  16   9  12  12  12  12  12  12
     I  +   +   +   +   +   +   +   +   +   +   +   +   +   +   +   +   +   +   +   +
  26 I 12  12  12  12  12   9  12  12  13  16  16  16  16  12  16  16  16  16  16  16
     I  +   +   +   +   +   +   +   +   +   +   +   +   +   +   +   +   +   +   +   +
  25 I 16  16  16  16  16  12  16  16  15  12  12  12  12   9  12  12  12  12  12  12
     I  +   +   +   +   +   +   +   +   +   +   +   +   +   +   +   +   +   +   +   +
  24 I 12  12  12  14  16  12  16  16  16  16  16  16  16  12  16  16  16  16  16  16
     I  +   +   +   +   +   +   +   +   +   +   +   +   +   +   +   +   +   +   +   +
  23 I 16  16  16  14  11  10  12  12  12  12  12  12  12   9  12  12  12  12  12  12
     I  +   +   +   +   +   +   +   +   +   +   +   +   +   +   +   +   +   +   +   +
  22 I 16  16  16  16  12  16  16  16  16  16  16  16  16  12  16  16  16  16  16  16
     I  +   +   +   +   +   +   +   +   +   +   +   +   +   +   +   +   +   +   +   +
  21 I 12  12  12  12   9  12  12  12  12  12  12  12  12   9  12  12  12  12  12  12
     I  +   +   +   +   +   +   +   +   +   +   +   +   +   +   +   +   +   +   +   +
  20 I 16  16  16  16  12  16  16  16  16  16  16  16  14  14  16  16  16  16  16  16
     I  +   +   +   +   +   +   +   +   +   +   +   +   +   +   +   +   +   +   +   +
  19 I 12  12  12  12   9  12  12  12  12  12  12  12   9  12  12  12  12  12  12  12
     I  +   +   +   +   +   +   +   +   +   +   +   +   +   +   +   +   +   +   +   +
  18 I 16  16  16  16  12  16  16  16  16  16  16  16  12  16  16  16  16  16  16  16
     I  +   +   +   +   +   +   +   +   +   +   +   +   +   +   +   +   +   +   +   +
  17 I 12  12  12  12   9  12  12  12  12  12  12  12   9  12  12  12  12  12  12  12
     I  +   +   +   +   +   +   +   +   +   +   +   +   +   +   +   +   +   +   +   +
  16 I 16  16  16  16  12  16  16  16  16  16  16  16  12  16  16  16  16  16  16  16
     I  +   +   +   +   +   +   +   +   +   +   +   +   +   +   +   +   +   +   +   +
  15 I 12  12  12  12   9  12  12  12  12  12  12  12   9  12  12  12  12  12  12  12
     I  +   +   +   +   +   +   +   +   +   +   +   +   +   +   +   +   +   +   +   +
  14 I 16  16  16  16  12  16  16  16  16  16  16  16  12  16  16  16  16  16  16  16
     I  +   +   +   +   +   +   +   +   +   +   +   +   +   +   +   +   +   +   +   +
  13 I 12  12  12  12   9  12  12  12  12  12  12  12   9  12  12  12  12  12  13  16
     I  +   +   +   +   +   +   +   +   +   +   +   +   +   +   +   +   +   +   +   +
  12 I 16  16  16  13  15  16  16  16  16  16  16  14  14  16  16  16  16  16  15  10
     I  +   +   +   +   +   +   +   +   +   +   +   +   +   +   +   +   +   +   +   +
  11 I 12  12  12   9  12  12  12  12  12  12  12   9  12  12  12  14  16  16  16  12
     I  +   +   +   +   +   +   +   +   +   +   +   +   +   +   +   +   +   +   +   +
  10 I 16  16  16  12  16  16  16  16  16  16  16  12  16  16  16  14  12  12  12   9
     I  +   +   +   +   +   +   +   +   +   +   +   +   +   +   +   +   +   +   +   +
   9 I 12  12  12   9  12  12  12  12  12  12  12   9  15  16  16  16  16  16  16  12
     I  +   +   +   +   +   +   +   +   +   +   +   +   +   +   +   +   +   +   +   +
   8 I 16  16  16  12  16  16  16  16  16  16  16  12  13  12  12  12  12  12  12   9
     I  +   +   +   +   +   +   +   +   +   +   +   +   +   +   +   +   +   +   +   +
   7 I 12  12  12   9  12  12  12  12  16  16  16  12  16  16  16  16  16  16  16  12
     I  +   +   +   +   +   +   +   +   +   +   +   +   +   +   +   +   +   +   +   +
   6 I 16  16  16  12  16  16  16  16  12  12  12   9  12  12  12  12  12  12  12   9
     I  +   +   +   +   +   +   +   +   +   +   +   +   +   +   +   +   +   +   +   +
   5 I 12  12  12  10  16  16  16  16  16  16  16  12  16  16  16  16  16  16  13  15
     I  +   +   +   +   +   +   +   +   +   +   +   +   +   +   +   +   +   +   +   +
   4 I 16  16  16  11  12  12  12  12  12  12  12   9  12  12  12  12  12  12   9  12
     I  +   +   +   +   +   +   +   +   +   +   +   +   +   +   +   +   +   +   +   +
   3 I 16  16  16  12  16  16  16  16  16  16  12  16  16  16  16  16  16  16  12  16
     I  +   +   +   +   +   +   +   +   +   +   +   +   +   +   +   +   +   +   +   +
   2 I 12  12  12   9  12  12  12  12  12  12   9  12  12  12  12  12  12  12   9  12
     I  +   +   +   +   +   +   +   +   +   +   +   +   +   +   +   +   +   +   +   +
   1 I 16  16  15  13  16  16  16  16  16  16  12  16  16  16  16  16  16  16  12  16
     I  +   +   +   +   +   +   +   +   +   +   +   +   +   +   +   +   +   +   +   +
     --------------------------------------------------------------------------------
       61  62  63  64  65  66  67  68  69  70  71  72  73  74  75  76  77  78  79  80
 
 Land Use Processing Complete.


  End of run -- Clock time: 12:50:09
                      Date: 19-Jun-2022 

        Elapsed Clock Time:            1 (seconds)

                  CPU Time:            0 (seconds)
